   0 (init) : 0 -  0 -  1 - [ 2]
   1 (init) : 2 -  0 -  1 - [ 2]
   2 (init) : 1 -  0 -  0 - [ 2]
