   0 (init) : 0,0 -  0 -  1 - [ 0 3]
   1 (init) : 0,1 -  0 -  1 - [ 0 3]
   2 (init) : 1,0 -  0 -  1 - [ 0 3]
   3 (init) : 1,1 -  0 -  1 - [ 0 3]
